Global seed set to 1501
GPU available: True (cuda), used: True
TPU available: False, using: 0 TPU cores
IPU available: False, using: 0 IPUs
HPU available: False, using: 0 HPUs
Missing logger folder: /mnt/c/Users/ahjc/documents/coding/ecec247/Final_project/ECE_C247A_Final_Project/logs/2026-03-08/03-36-27/job0_+experiment=fast,decoder=ctc_greedy,model=tds_conv_ctc,trainer.devices=1,user=single_user/lightning_logs
LOCAL_RANK: 0 - CUDA_VISIBLE_DEVICES: [0]
/home/ahjc/miniconda3/envs/c247/lib/python3.11/site-packages/pl_bolts/__init__.py:11: FutureWarning: In the future `np.object` will be defined as the corresponding NumPy scalar.
  if not hasattr(numpy, tp_name):
/home/ahjc/miniconda3/envs/c247/lib/python3.11/site-packages/pl_bolts/__init__.py:11: FutureWarning: In the future `np.bool` will be defined as the corresponding NumPy scalar.
  if not hasattr(numpy, tp_name):
/home/ahjc/miniconda3/envs/c247/lib/python3.11/site-packages/pl_bolts/models/self_supervised/amdim/amdim_module.py:34: UnderReviewWarning: The feature generate_power_seq is currently marked under review. The compatibility with other Lightning projects is not guaranteed and API may change at any time. The API and functionality may change without warning in future releases. More details: https://lightning-bolts.readthedocs.io/en/latest/stability.html
  "lr_options": generate_power_seq(LEARNING_RATE_CIFAR, 11),
/home/ahjc/miniconda3/envs/c247/lib/python3.11/site-packages/pl_bolts/models/self_supervised/amdim/amdim_module.py:92: UnderReviewWarning: The feature FeatureMapContrastiveTask is currently marked under review. The compatibility with other Lightning projects is not guaranteed and API may change at any time. The API and functionality may change without warning in future releases. More details: https://lightning-bolts.readthedocs.io/en/latest/stability.html
  contrastive_task: Union[FeatureMapContrastiveTask] = FeatureMapContrastiveTask("01, 02, 11"),
/home/ahjc/miniconda3/envs/c247/lib/python3.11/site-packages/pl_bolts/losses/self_supervised_learning.py:228: UnderReviewWarning: The feature AmdimNCELoss is currently marked under review. The compatibility with other Lightning projects is not guaranteed and API may change at any time. The API and functionality may change without warning in future releases. More details: https://lightning-bolts.readthedocs.io/en/latest/stability.html
  self.nce_loss = AmdimNCELoss(tclip)
/home/ahjc/miniconda3/envs/c247/lib/python3.11/site-packages/hydra/_internal/instantiate/_instantiate2.py:92: UnderReviewWarning: The feature LinearWarmupCosineAnnealingLR is currently marked under review. The compatibility with other Lightning projects is not guaranteed and API may change at any time. The API and functionality may change without warning in future releases. More details: https://lightning-bolts.readthedocs.io/en/latest/stability.html
  return _target_(*args, **kwargs)

  | Name     | Type       | Params
----------------------------------------
0 | model    | Sequential | 5.3 M 
1 | ctc_loss | CTCLoss    | 0     
2 | metrics  | ModuleDict | 0     
----------------------------------------
5.3 M     Trainable params
0         Non-trainable params
5.3 M     Total params
21.173    Total estimated model params size (MB)
/home/ahjc/miniconda3/envs/c247/lib/python3.11/site-packages/torch/nn/modules/conv.py:456: UserWarning: Plan failed with a cudnnException: CUDNN_BACKEND_EXECUTION_PLAN_DESCRIPTOR: cudnnFinalize Descriptor Failed cudnn_status: CUDNN_STATUS_NOT_SUPPORTED (Triggered internally at ../aten/src/ATen/native/cudnn/Conv_v8.cpp:919.)
  return F.conv2d(input, weight, bias, self.stride,
Epoch 0, global step 240: 'val/CER' reached 1355.82629 (best 1355.82629), saving model to '/mnt/c/Users/ahjc/documents/coding/ecec247/Final_project/ECE_C247A_Final_Project/logs/2026-03-08/03-36-27/job0_+experiment=fast,decoder=ctc_greedy,model=tds_conv_ctc,trainer.devices=1,user=single_user/checkpoints/epoch=0-step=240.ckpt' as top 1
Epoch 1, global step 480: 'val/CER' reached 100.00000 (best 100.00000), saving model to '/mnt/c/Users/ahjc/documents/coding/ecec247/Final_project/ECE_C247A_Final_Project/logs/2026-03-08/03-36-27/job0_+experiment=fast,decoder=ctc_greedy,model=tds_conv_ctc,trainer.devices=1,user=single_user/checkpoints/epoch=1-step=480.ckpt' as top 1
Epoch 2, global step 720: 'val/CER' reached 94.21799 (best 94.21799), saving model to '/mnt/c/Users/ahjc/documents/coding/ecec247/Final_project/ECE_C247A_Final_Project/logs/2026-03-08/03-36-27/job0_+experiment=fast,decoder=ctc_greedy,model=tds_conv_ctc,trainer.devices=1,user=single_user/checkpoints/epoch=2-step=720.ckpt' as top 1
Epoch 3, global step 960: 'val/CER' reached 73.28312 (best 73.28312), saving model to '/mnt/c/Users/ahjc/documents/coding/ecec247/Final_project/ECE_C247A_Final_Project/logs/2026-03-08/03-36-27/job0_+experiment=fast,decoder=ctc_greedy,model=tds_conv_ctc,trainer.devices=1,user=single_user/checkpoints/epoch=3-step=960.ckpt' as top 1
Epoch 4, global step 1200: 'val/CER' reached 59.79176 (best 59.79176), saving model to '/mnt/c/Users/ahjc/documents/coding/ecec247/Final_project/ECE_C247A_Final_Project/logs/2026-03-08/03-36-27/job0_+experiment=fast,decoder=ctc_greedy,model=tds_conv_ctc,trainer.devices=1,user=single_user/checkpoints/epoch=4-step=1200.ckpt' as top 1
Epoch 5, global step 1440: 'val/CER' reached 39.52149 (best 39.52149), saving model to '/mnt/c/Users/ahjc/documents/coding/ecec247/Final_project/ECE_C247A_Final_Project/logs/2026-03-08/03-36-27/job0_+experiment=fast,decoder=ctc_greedy,model=tds_conv_ctc,trainer.devices=1,user=single_user/checkpoints/epoch=5-step=1440.ckpt' as top 1
Epoch 6, global step 1680: 'val/CER' reached 34.07178 (best 34.07178), saving model to '/mnt/c/Users/ahjc/documents/coding/ecec247/Final_project/ECE_C247A_Final_Project/logs/2026-03-08/03-36-27/job0_+experiment=fast,decoder=ctc_greedy,model=tds_conv_ctc,trainer.devices=1,user=single_user/checkpoints/epoch=6-step=1680.ckpt' as top 1
Epoch 7, global step 1920: 'val/CER' reached 29.59681 (best 29.59681), saving model to '/mnt/c/Users/ahjc/documents/coding/ecec247/Final_project/ECE_C247A_Final_Project/logs/2026-03-08/03-36-27/job0_+experiment=fast,decoder=ctc_greedy,model=tds_conv_ctc,trainer.devices=1,user=single_user/checkpoints/epoch=7-step=1920.ckpt' as top 1
Epoch 8, global step 2160: 'val/CER' was not in top 1
Epoch 9, global step 2400: 'val/CER' was not in top 1
Epoch 10, global step 2640: 'val/CER' was not in top 1
Epoch 11, global step 2880: 'val/CER' reached 29.24236 (best 29.24236), saving model to '/mnt/c/Users/ahjc/documents/coding/ecec247/Final_project/ECE_C247A_Final_Project/logs/2026-03-08/03-36-27/job0_+experiment=fast,decoder=ctc_greedy,model=tds_conv_ctc,trainer.devices=1,user=single_user/checkpoints/epoch=11-step=2880.ckpt' as top 1
Epoch 12, global step 3120: 'val/CER' reached 26.07443 (best 26.07443), saving model to '/mnt/c/Users/ahjc/documents/coding/ecec247/Final_project/ECE_C247A_Final_Project/logs/2026-03-08/03-36-27/job0_+experiment=fast,decoder=ctc_greedy,model=tds_conv_ctc,trainer.devices=1,user=single_user/checkpoints/epoch=12-step=3120.ckpt' as top 1
Epoch 13, global step 3360: 'val/CER' was not in top 1
Epoch 14, global step 3600: 'val/CER' was not in top 1
Epoch 15, global step 3840: 'val/CER' was not in top 1
Epoch 16, global step 4080: 'val/CER' was not in top 1
Epoch 17, global step 4320: 'val/CER' reached 25.98582 (best 25.98582), saving model to '/mnt/c/Users/ahjc/documents/coding/ecec247/Final_project/ECE_C247A_Final_Project/logs/2026-03-08/03-36-27/job0_+experiment=fast,decoder=ctc_greedy,model=tds_conv_ctc,trainer.devices=1,user=single_user/checkpoints/epoch=17-step=4320.ckpt' as top 1
Epoch 18, global step 4560: 'val/CER' reached 23.85910 (best 23.85910), saving model to '/mnt/c/Users/ahjc/documents/coding/ecec247/Final_project/ECE_C247A_Final_Project/logs/2026-03-08/03-36-27/job0_+experiment=fast,decoder=ctc_greedy,model=tds_conv_ctc,trainer.devices=1,user=single_user/checkpoints/epoch=18-step=4560.ckpt' as top 1
Epoch 19, global step 4800: 'val/CER' was not in top 1
Epoch 20, global step 5040: 'val/CER' reached 23.37173 (best 23.37173), saving model to '/mnt/c/Users/ahjc/documents/coding/ecec247/Final_project/ECE_C247A_Final_Project/logs/2026-03-08/03-36-27/job0_+experiment=fast,decoder=ctc_greedy,model=tds_conv_ctc,trainer.devices=1,user=single_user/checkpoints/epoch=20-step=5040.ckpt' as top 1
Epoch 21, global step 5280: 'val/CER' reached 22.26407 (best 22.26407), saving model to '/mnt/c/Users/ahjc/documents/coding/ecec247/Final_project/ECE_C247A_Final_Project/logs/2026-03-08/03-36-27/job0_+experiment=fast,decoder=ctc_greedy,model=tds_conv_ctc,trainer.devices=1,user=single_user/checkpoints/epoch=21-step=5280.ckpt' as top 1
Epoch 22, global step 5520: 'val/CER' was not in top 1
Epoch 23, global step 5760: 'val/CER' was not in top 1
Epoch 24, global step 6000: 'val/CER' was not in top 1
Epoch 25, global step 6240: 'val/CER' was not in top 1
Epoch 26, global step 6480: 'val/CER' reached 22.19761 (best 22.19761), saving model to '/mnt/c/Users/ahjc/documents/coding/ecec247/Final_project/ECE_C247A_Final_Project/logs/2026-03-08/03-36-27/job0_+experiment=fast,decoder=ctc_greedy,model=tds_conv_ctc,trainer.devices=1,user=single_user/checkpoints/epoch=26-step=6480.ckpt' as top 1
Epoch 27, global step 6720: 'val/CER' was not in top 1
Epoch 28, global step 6960: 'val/CER' was not in top 1
Epoch 29, global step 7200: 'val/CER' reached 22.06469 (best 22.06469), saving model to '/mnt/c/Users/ahjc/documents/coding/ecec247/Final_project/ECE_C247A_Final_Project/logs/2026-03-08/03-36-27/job0_+experiment=fast,decoder=ctc_greedy,model=tds_conv_ctc,trainer.devices=1,user=single_user/checkpoints/epoch=29-step=7200.ckpt' as top 1
Epoch 30, global step 7440: 'val/CER' reached 21.44440 (best 21.44440), saving model to '/mnt/c/Users/ahjc/documents/coding/ecec247/Final_project/ECE_C247A_Final_Project/logs/2026-03-08/03-36-27/job0_+experiment=fast,decoder=ctc_greedy,model=tds_conv_ctc,trainer.devices=1,user=single_user/checkpoints/epoch=30-step=7440.ckpt' as top 1
Epoch 31, global step 7680: 'val/CER' reached 21.06779 (best 21.06779), saving model to '/mnt/c/Users/ahjc/documents/coding/ecec247/Final_project/ECE_C247A_Final_Project/logs/2026-03-08/03-36-27/job0_+experiment=fast,decoder=ctc_greedy,model=tds_conv_ctc,trainer.devices=1,user=single_user/checkpoints/epoch=31-step=7680.ckpt' as top 1
Epoch 32, global step 7920: 'val/CER' reached 20.84626 (best 20.84626), saving model to '/mnt/c/Users/ahjc/documents/coding/ecec247/Final_project/ECE_C247A_Final_Project/logs/2026-03-08/03-36-27/job0_+experiment=fast,decoder=ctc_greedy,model=tds_conv_ctc,trainer.devices=1,user=single_user/checkpoints/epoch=32-step=7920.ckpt' as top 1
Epoch 33, global step 8160: 'val/CER' reached 20.24812 (best 20.24812), saving model to '/mnt/c/Users/ahjc/documents/coding/ecec247/Final_project/ECE_C247A_Final_Project/logs/2026-03-08/03-36-27/job0_+experiment=fast,decoder=ctc_greedy,model=tds_conv_ctc,trainer.devices=1,user=single_user/checkpoints/epoch=33-step=8160.ckpt' as top 1
Epoch 34, global step 8400: 'val/CER' was not in top 1
Epoch 35, global step 8640: 'val/CER' was not in top 1
Epoch 36, global step 8880: 'val/CER' was not in top 1
Epoch 37, global step 9120: 'val/CER' was not in top 1
Epoch 38, global step 9360: 'val/CER' was not in top 1
Epoch 39, global step 9600: 'val/CER' was not in top 1
Epoch 40, global step 9840: 'val/CER' was not in top 1
Epoch 41, global step 10080: 'val/CER' was not in top 1
Epoch 42, global step 10320: 'val/CER' was not in top 1
Epoch 43, global step 10560: 'val/CER' reached 19.76074 (best 19.76074), saving model to '/mnt/c/Users/ahjc/documents/coding/ecec247/Final_project/ECE_C247A_Final_Project/logs/2026-03-08/03-36-27/job0_+experiment=fast,decoder=ctc_greedy,model=tds_conv_ctc,trainer.devices=1,user=single_user/checkpoints/epoch=43-step=10560.ckpt' as top 1
Epoch 44, global step 10800: 'val/CER' was not in top 1
Epoch 45, global step 11040: 'val/CER' was not in top 1
Epoch 46, global step 11280: 'val/CER' was not in top 1
Epoch 47, global step 11520: 'val/CER' was not in top 1
Epoch 48, global step 11760: 'val/CER' was not in top 1
Epoch 49, global step 12000: 'val/CER' was not in top 1
Epoch 50, global step 12240: 'val/CER' was not in top 1
Epoch 51, global step 12480: 'val/CER' was not in top 1
Epoch 52, global step 12720: 'val/CER' was not in top 1
Epoch 53, global step 12960: 'val/CER' was not in top 1
Epoch 54, global step 13200: 'val/CER' was not in top 1
Epoch 55, global step 13440: 'val/CER' was not in top 1
Epoch 56, global step 13680: 'val/CER' was not in top 1
Epoch 57, global step 13920: 'val/CER' was not in top 1
Epoch 58, global step 14160: 'val/CER' was not in top 1
Epoch 59, global step 14400: 'val/CER' was not in top 1
Epoch 60, global step 14640: 'val/CER' was not in top 1
Epoch 61, global step 14880: 'val/CER' was not in top 1
Epoch 62, global step 15120: 'val/CER' was not in top 1
Epoch 63, global step 15360: 'val/CER' was not in top 1
Epoch 64, global step 15600: 'val/CER' was not in top 1
Epoch 65, global step 15840: 'val/CER' was not in top 1
Epoch 66, global step 16080: 'val/CER' was not in top 1
Epoch 67, global step 16320: 'val/CER' was not in top 1
Epoch 68, global step 16560: 'val/CER' was not in top 1
LOCAL_RANK: 0 - CUDA_VISIBLE_DEVICES: [0]
LOCAL_RANK: 0 - CUDA_VISIBLE_DEVICES: [0]
