Global seed set to 1501
GPU available: True (cuda), used: True
TPU available: False, using: 0 TPU cores
IPU available: False, using: 0 IPUs
HPU available: False, using: 0 HPUs
Missing logger folder: /mnt/c/Users/ahjc/documents/coding/ecec247/Final_project/ECE_C247A_Final_Project/logs/2026-03-08/03-36-27/job2_+experiment=fast,decoder=ctc_greedy,model=lstm_ctc,trainer.devices=1,user=single_user/lightning_logs
LOCAL_RANK: 0 - CUDA_VISIBLE_DEVICES: [0]
/home/ahjc/miniconda3/envs/c247/lib/python3.11/site-packages/pl_bolts/__init__.py:11: FutureWarning: In the future `np.object` will be defined as the corresponding NumPy scalar.
  if not hasattr(numpy, tp_name):
/home/ahjc/miniconda3/envs/c247/lib/python3.11/site-packages/pl_bolts/__init__.py:11: FutureWarning: In the future `np.bool` will be defined as the corresponding NumPy scalar.
  if not hasattr(numpy, tp_name):
/home/ahjc/miniconda3/envs/c247/lib/python3.11/site-packages/pl_bolts/models/self_supervised/amdim/amdim_module.py:34: UnderReviewWarning: The feature generate_power_seq is currently marked under review. The compatibility with other Lightning projects is not guaranteed and API may change at any time. The API and functionality may change without warning in future releases. More details: https://lightning-bolts.readthedocs.io/en/latest/stability.html
  "lr_options": generate_power_seq(LEARNING_RATE_CIFAR, 11),
/home/ahjc/miniconda3/envs/c247/lib/python3.11/site-packages/pl_bolts/models/self_supervised/amdim/amdim_module.py:92: UnderReviewWarning: The feature FeatureMapContrastiveTask is currently marked under review. The compatibility with other Lightning projects is not guaranteed and API may change at any time. The API and functionality may change without warning in future releases. More details: https://lightning-bolts.readthedocs.io/en/latest/stability.html
  contrastive_task: Union[FeatureMapContrastiveTask] = FeatureMapContrastiveTask("01, 02, 11"),
/home/ahjc/miniconda3/envs/c247/lib/python3.11/site-packages/pl_bolts/losses/self_supervised_learning.py:228: UnderReviewWarning: The feature AmdimNCELoss is currently marked under review. The compatibility with other Lightning projects is not guaranteed and API may change at any time. The API and functionality may change without warning in future releases. More details: https://lightning-bolts.readthedocs.io/en/latest/stability.html
  self.nce_loss = AmdimNCELoss(tclip)
/home/ahjc/miniconda3/envs/c247/lib/python3.11/site-packages/hydra/_internal/instantiate/_instantiate2.py:92: UnderReviewWarning: The feature LinearWarmupCosineAnnealingLR is currently marked under review. The compatibility with other Lightning projects is not guaranteed and API may change at any time. The API and functionality may change without warning in future releases. More details: https://lightning-bolts.readthedocs.io/en/latest/stability.html
  return _target_(*args, **kwargs)

  | Name     | Type       | Params
----------------------------------------
0 | frontend | Sequential | 270 K 
1 | rnn      | LSTM       | 1.6 M 
2 | output   | Sequential | 50.8 K
3 | ctc_loss | CTCLoss    | 0     
4 | metrics  | ModuleDict | 0     
----------------------------------------
1.9 M     Trainable params
0         Non-trainable params
1.9 M     Total params
7.595     Total estimated model params size (MB)
Epoch 0, global step 240: 'val/CER' reached 907.00043 (best 907.00043), saving model to '/mnt/c/Users/ahjc/documents/coding/ecec247/Final_project/ECE_C247A_Final_Project/logs/2026-03-08/03-36-27/job2_+experiment=fast,decoder=ctc_greedy,model=lstm_ctc,trainer.devices=1,user=single_user/checkpoints/epoch=0-step=240.ckpt' as top 1
Epoch 1, global step 480: 'val/CER' reached 100.00000 (best 100.00000), saving model to '/mnt/c/Users/ahjc/documents/coding/ecec247/Final_project/ECE_C247A_Final_Project/logs/2026-03-08/03-36-27/job2_+experiment=fast,decoder=ctc_greedy,model=lstm_ctc,trainer.devices=1,user=single_user/checkpoints/epoch=1-step=480.ckpt' as top 1
Epoch 2, global step 720: 'val/CER' was not in top 1
Epoch 3, global step 960: 'val/CER' was not in top 1
Epoch 4, global step 1200: 'val/CER' reached 99.09171 (best 99.09171), saving model to '/mnt/c/Users/ahjc/documents/coding/ecec247/Final_project/ECE_C247A_Final_Project/logs/2026-03-08/03-36-27/job2_+experiment=fast,decoder=ctc_greedy,model=lstm_ctc,trainer.devices=1,user=single_user/checkpoints/epoch=4-step=1200.ckpt' as top 1
Epoch 5, global step 1440: 'val/CER' reached 92.15773 (best 92.15773), saving model to '/mnt/c/Users/ahjc/documents/coding/ecec247/Final_project/ECE_C247A_Final_Project/logs/2026-03-08/03-36-27/job2_+experiment=fast,decoder=ctc_greedy,model=lstm_ctc,trainer.devices=1,user=single_user/checkpoints/epoch=5-step=1440.ckpt' as top 1
Epoch 6, global step 1680: 'val/CER' reached 81.87860 (best 81.87860), saving model to '/mnt/c/Users/ahjc/documents/coding/ecec247/Final_project/ECE_C247A_Final_Project/logs/2026-03-08/03-36-27/job2_+experiment=fast,decoder=ctc_greedy,model=lstm_ctc,trainer.devices=1,user=single_user/checkpoints/epoch=6-step=1680.ckpt' as top 1
Epoch 7, global step 1920: 'val/CER' reached 76.05228 (best 76.05228), saving model to '/mnt/c/Users/ahjc/documents/coding/ecec247/Final_project/ECE_C247A_Final_Project/logs/2026-03-08/03-36-27/job2_+experiment=fast,decoder=ctc_greedy,model=lstm_ctc,trainer.devices=1,user=single_user/checkpoints/epoch=7-step=1920.ckpt' as top 1
Epoch 8, global step 2160: 'val/CER' reached 60.10191 (best 60.10191), saving model to '/mnt/c/Users/ahjc/documents/coding/ecec247/Final_project/ECE_C247A_Final_Project/logs/2026-03-08/03-36-27/job2_+experiment=fast,decoder=ctc_greedy,model=lstm_ctc,trainer.devices=1,user=single_user/checkpoints/epoch=8-step=2160.ckpt' as top 1
Epoch 9, global step 2400: 'val/CER' reached 50.97475 (best 50.97475), saving model to '/mnt/c/Users/ahjc/documents/coding/ecec247/Final_project/ECE_C247A_Final_Project/logs/2026-03-08/03-36-27/job2_+experiment=fast,decoder=ctc_greedy,model=lstm_ctc,trainer.devices=1,user=single_user/checkpoints/epoch=9-step=2400.ckpt' as top 1
Epoch 10, global step 2640: 'val/CER' reached 47.03146 (best 47.03146), saving model to '/mnt/c/Users/ahjc/documents/coding/ecec247/Final_project/ECE_C247A_Final_Project/logs/2026-03-08/03-36-27/job2_+experiment=fast,decoder=ctc_greedy,model=lstm_ctc,trainer.devices=1,user=single_user/checkpoints/epoch=10-step=2640.ckpt' as top 1
Epoch 11, global step 2880: 'val/CER' reached 43.30970 (best 43.30970), saving model to '/mnt/c/Users/ahjc/documents/coding/ecec247/Final_project/ECE_C247A_Final_Project/logs/2026-03-08/03-36-27/job2_+experiment=fast,decoder=ctc_greedy,model=lstm_ctc,trainer.devices=1,user=single_user/checkpoints/epoch=11-step=2880.ckpt' as top 1
Epoch 12, global step 3120: 'val/CER' reached 42.20204 (best 42.20204), saving model to '/mnt/c/Users/ahjc/documents/coding/ecec247/Final_project/ECE_C247A_Final_Project/logs/2026-03-08/03-36-27/job2_+experiment=fast,decoder=ctc_greedy,model=lstm_ctc,trainer.devices=1,user=single_user/checkpoints/epoch=12-step=3120.ckpt' as top 1
Epoch 13, global step 3360: 'val/CER' was not in top 1
Epoch 14, global step 3600: 'val/CER' reached 40.71777 (best 40.71777), saving model to '/mnt/c/Users/ahjc/documents/coding/ecec247/Final_project/ECE_C247A_Final_Project/logs/2026-03-08/03-36-27/job2_+experiment=fast,decoder=ctc_greedy,model=lstm_ctc,trainer.devices=1,user=single_user/checkpoints/epoch=14-step=3600.ckpt' as top 1
Epoch 15, global step 3840: 'val/CER' was not in top 1
Epoch 16, global step 4080: 'val/CER' reached 35.11298 (best 35.11298), saving model to '/mnt/c/Users/ahjc/documents/coding/ecec247/Final_project/ECE_C247A_Final_Project/logs/2026-03-08/03-36-27/job2_+experiment=fast,decoder=ctc_greedy,model=lstm_ctc,trainer.devices=1,user=single_user/checkpoints/epoch=16-step=4080.ckpt' as top 1
Epoch 17, global step 4320: 'val/CER' was not in top 1
Epoch 18, global step 4560: 'val/CER' was not in top 1
Epoch 19, global step 4800: 'val/CER' was not in top 1
Epoch 20, global step 5040: 'val/CER' was not in top 1
Epoch 21, global step 5280: 'val/CER' reached 33.16349 (best 33.16349), saving model to '/mnt/c/Users/ahjc/documents/coding/ecec247/Final_project/ECE_C247A_Final_Project/logs/2026-03-08/03-36-27/job2_+experiment=fast,decoder=ctc_greedy,model=lstm_ctc,trainer.devices=1,user=single_user/checkpoints/epoch=21-step=5280.ckpt' as top 1
Epoch 22, global step 5520: 'val/CER' was not in top 1
Epoch 23, global step 5760: 'val/CER' was not in top 1
Epoch 24, global step 6000: 'val/CER' was not in top 1
Epoch 25, global step 6240: 'val/CER' was not in top 1
Epoch 26, global step 6480: 'val/CER' reached 33.00842 (best 33.00842), saving model to '/mnt/c/Users/ahjc/documents/coding/ecec247/Final_project/ECE_C247A_Final_Project/logs/2026-03-08/03-36-27/job2_+experiment=fast,decoder=ctc_greedy,model=lstm_ctc,trainer.devices=1,user=single_user/checkpoints/epoch=26-step=6480.ckpt' as top 1
Epoch 27, global step 6720: 'val/CER' was not in top 1
Epoch 28, global step 6960: 'val/CER' was not in top 1
Epoch 29, global step 7200: 'val/CER' reached 30.83739 (best 30.83739), saving model to '/mnt/c/Users/ahjc/documents/coding/ecec247/Final_project/ECE_C247A_Final_Project/logs/2026-03-08/03-36-27/job2_+experiment=fast,decoder=ctc_greedy,model=lstm_ctc,trainer.devices=1,user=single_user/checkpoints/epoch=29-step=7200.ckpt' as top 1
Epoch 30, global step 7440: 'val/CER' was not in top 1
Epoch 31, global step 7680: 'val/CER' reached 29.88480 (best 29.88480), saving model to '/mnt/c/Users/ahjc/documents/coding/ecec247/Final_project/ECE_C247A_Final_Project/logs/2026-03-08/03-36-27/job2_+experiment=fast,decoder=ctc_greedy,model=lstm_ctc,trainer.devices=1,user=single_user/checkpoints/epoch=31-step=7680.ckpt' as top 1
Epoch 32, global step 7920: 'val/CER' was not in top 1
Epoch 33, global step 8160: 'val/CER' was not in top 1
Epoch 34, global step 8400: 'val/CER' was not in top 1
Epoch 35, global step 8640: 'val/CER' was not in top 1
Epoch 36, global step 8880: 'val/CER' was not in top 1
Epoch 37, global step 9120: 'val/CER' reached 29.48604 (best 29.48604), saving model to '/mnt/c/Users/ahjc/documents/coding/ecec247/Final_project/ECE_C247A_Final_Project/logs/2026-03-08/03-36-27/job2_+experiment=fast,decoder=ctc_greedy,model=lstm_ctc,trainer.devices=1,user=single_user/checkpoints/epoch=37-step=9120.ckpt' as top 1
Epoch 38, global step 9360: 'val/CER' was not in top 1
Epoch 39, global step 9600: 'val/CER' was not in top 1
Epoch 40, global step 9840: 'val/CER' reached 29.24236 (best 29.24236), saving model to '/mnt/c/Users/ahjc/documents/coding/ecec247/Final_project/ECE_C247A_Final_Project/logs/2026-03-08/03-36-27/job2_+experiment=fast,decoder=ctc_greedy,model=lstm_ctc,trainer.devices=1,user=single_user/checkpoints/epoch=40-step=9840.ckpt' as top 1
Epoch 41, global step 10080: 'val/CER' was not in top 1
Epoch 42, global step 10320: 'val/CER' was not in top 1
Epoch 43, global step 10560: 'val/CER' was not in top 1
Epoch 44, global step 10800: 'val/CER' reached 29.22020 (best 29.22020), saving model to '/mnt/c/Users/ahjc/documents/coding/ecec247/Final_project/ECE_C247A_Final_Project/logs/2026-03-08/03-36-27/job2_+experiment=fast,decoder=ctc_greedy,model=lstm_ctc,trainer.devices=1,user=single_user/checkpoints/epoch=44-step=10800.ckpt' as top 1
Epoch 45, global step 11040: 'val/CER' reached 28.86575 (best 28.86575), saving model to '/mnt/c/Users/ahjc/documents/coding/ecec247/Final_project/ECE_C247A_Final_Project/logs/2026-03-08/03-36-27/job2_+experiment=fast,decoder=ctc_greedy,model=lstm_ctc,trainer.devices=1,user=single_user/checkpoints/epoch=45-step=11040.ckpt' as top 1
Epoch 46, global step 11280: 'val/CER' was not in top 1
Epoch 47, global step 11520: 'val/CER' reached 28.57776 (best 28.57776), saving model to '/mnt/c/Users/ahjc/documents/coding/ecec247/Final_project/ECE_C247A_Final_Project/logs/2026-03-08/03-36-27/job2_+experiment=fast,decoder=ctc_greedy,model=lstm_ctc,trainer.devices=1,user=single_user/checkpoints/epoch=47-step=11520.ckpt' as top 1
Epoch 48, global step 11760: 'val/CER' reached 27.33717 (best 27.33717), saving model to '/mnt/c/Users/ahjc/documents/coding/ecec247/Final_project/ECE_C247A_Final_Project/logs/2026-03-08/03-36-27/job2_+experiment=fast,decoder=ctc_greedy,model=lstm_ctc,trainer.devices=1,user=single_user/checkpoints/epoch=48-step=11760.ckpt' as top 1
Epoch 49, global step 12000: 'val/CER' was not in top 1
Epoch 50, global step 12240: 'val/CER' was not in top 1
Epoch 51, global step 12480: 'val/CER' was not in top 1
Epoch 52, global step 12720: 'val/CER' was not in top 1
Epoch 53, global step 12960: 'val/CER' was not in top 1
Epoch 54, global step 13200: 'val/CER' was not in top 1
Epoch 55, global step 13440: 'val/CER' was not in top 1
Epoch 56, global step 13680: 'val/CER' was not in top 1
Epoch 57, global step 13920: 'val/CER' reached 25.78644 (best 25.78644), saving model to '/mnt/c/Users/ahjc/documents/coding/ecec247/Final_project/ECE_C247A_Final_Project/logs/2026-03-08/03-36-27/job2_+experiment=fast,decoder=ctc_greedy,model=lstm_ctc,trainer.devices=1,user=single_user/checkpoints/epoch=57-step=13920.ckpt' as top 1
Epoch 58, global step 14160: 'val/CER' was not in top 1
Epoch 59, global step 14400: 'val/CER' was not in top 1
Epoch 60, global step 14640: 'val/CER' was not in top 1
Epoch 61, global step 14880: 'val/CER' was not in top 1
Epoch 62, global step 15120: 'val/CER' was not in top 1
Epoch 63, global step 15360: 'val/CER' was not in top 1
Epoch 64, global step 15600: 'val/CER' reached 25.58706 (best 25.58706), saving model to '/mnt/c/Users/ahjc/documents/coding/ecec247/Final_project/ECE_C247A_Final_Project/logs/2026-03-08/03-36-27/job2_+experiment=fast,decoder=ctc_greedy,model=lstm_ctc,trainer.devices=1,user=single_user/checkpoints/epoch=64-step=15600.ckpt' as top 1
Epoch 65, global step 15840: 'val/CER' was not in top 1
Epoch 66, global step 16080: 'val/CER' was not in top 1
Epoch 67, global step 16320: 'val/CER' was not in top 1
Epoch 68, global step 16560: 'val/CER' was not in top 1
Epoch 69, global step 16800: 'val/CER' reached 24.28002 (best 24.28002), saving model to '/mnt/c/Users/ahjc/documents/coding/ecec247/Final_project/ECE_C247A_Final_Project/logs/2026-03-08/03-36-27/job2_+experiment=fast,decoder=ctc_greedy,model=lstm_ctc,trainer.devices=1,user=single_user/checkpoints/epoch=69-step=16800.ckpt' as top 1
Epoch 70, global step 17040: 'val/CER' was not in top 1
Epoch 71, global step 17280: 'val/CER' was not in top 1
Epoch 72, global step 17520: 'val/CER' was not in top 1
Epoch 73, global step 17760: 'val/CER' was not in top 1
Epoch 74, global step 18000: 'val/CER' was not in top 1
Epoch 75, global step 18240: 'val/CER' was not in top 1
Epoch 76, global step 18480: 'val/CER' was not in top 1
Epoch 77, global step 18720: 'val/CER' was not in top 1
Epoch 78, global step 18960: 'val/CER' was not in top 1
Epoch 79, global step 19200: 'val/CER' was not in top 1
Epoch 80, global step 19440: 'val/CER' was not in top 1
Epoch 81, global step 19680: 'val/CER' was not in top 1
Epoch 82, global step 19920: 'val/CER' was not in top 1
Epoch 83, global step 20160: 'val/CER' was not in top 1
Epoch 84, global step 20400: 'val/CER' was not in top 1
Epoch 85, global step 20640: 'val/CER' was not in top 1
Epoch 86, global step 20880: 'val/CER' was not in top 1
Epoch 87, global step 21120: 'val/CER' was not in top 1
Epoch 88, global step 21360: 'val/CER' was not in top 1
Epoch 89, global step 21600: 'val/CER' was not in top 1
Epoch 90, global step 21840: 'val/CER' reached 23.70403 (best 23.70403), saving model to '/mnt/c/Users/ahjc/documents/coding/ecec247/Final_project/ECE_C247A_Final_Project/logs/2026-03-08/03-36-27/job2_+experiment=fast,decoder=ctc_greedy,model=lstm_ctc,trainer.devices=1,user=single_user/checkpoints/epoch=90-step=21840.ckpt' as top 1
Epoch 91, global step 22080: 'val/CER' was not in top 1
Epoch 92, global step 22320: 'val/CER' reached 23.57111 (best 23.57111), saving model to '/mnt/c/Users/ahjc/documents/coding/ecec247/Final_project/ECE_C247A_Final_Project/logs/2026-03-08/03-36-27/job2_+experiment=fast,decoder=ctc_greedy,model=lstm_ctc,trainer.devices=1,user=single_user/checkpoints/epoch=92-step=22320.ckpt' as top 1
Epoch 93, global step 22560: 'val/CER' was not in top 1
Epoch 94, global step 22800: 'val/CER' was not in top 1
Epoch 95, global step 23040: 'val/CER' was not in top 1
Epoch 96, global step 23280: 'val/CER' reached 23.21666 (best 23.21666), saving model to '/mnt/c/Users/ahjc/documents/coding/ecec247/Final_project/ECE_C247A_Final_Project/logs/2026-03-08/03-36-27/job2_+experiment=fast,decoder=ctc_greedy,model=lstm_ctc,trainer.devices=1,user=single_user/checkpoints/epoch=96-step=23280.ckpt' as top 1
Epoch 97, global step 23520: 'val/CER' was not in top 1
Epoch 98, global step 23760: 'val/CER' reached 23.06159 (best 23.06159), saving model to '/mnt/c/Users/ahjc/documents/coding/ecec247/Final_project/ECE_C247A_Final_Project/logs/2026-03-08/03-36-27/job2_+experiment=fast,decoder=ctc_greedy,model=lstm_ctc,trainer.devices=1,user=single_user/checkpoints/epoch=98-step=23760.ckpt' as top 1
Epoch 99, global step 24000: 'val/CER' was not in top 1
Epoch 100, global step 24240: 'val/CER' was not in top 1
Epoch 101, global step 24480: 'val/CER' was not in top 1
Epoch 102, global step 24720: 'val/CER' was not in top 1
Epoch 103, global step 24960: 'val/CER' was not in top 1
Epoch 104, global step 25200: 'val/CER' was not in top 1
Epoch 105, global step 25440: 'val/CER' was not in top 1
Epoch 106, global step 25680: 'val/CER' was not in top 1
Epoch 107, global step 25920: 'val/CER' was not in top 1
Epoch 108, global step 26160: 'val/CER' reached 22.77359 (best 22.77359), saving model to '/mnt/c/Users/ahjc/documents/coding/ecec247/Final_project/ECE_C247A_Final_Project/logs/2026-03-08/03-36-27/job2_+experiment=fast,decoder=ctc_greedy,model=lstm_ctc,trainer.devices=1,user=single_user/checkpoints/epoch=108-step=26160.ckpt' as top 1
Epoch 109, global step 26400: 'val/CER' was not in top 1
Epoch 110, global step 26640: 'val/CER' reached 21.97607 (best 21.97607), saving model to '/mnt/c/Users/ahjc/documents/coding/ecec247/Final_project/ECE_C247A_Final_Project/logs/2026-03-08/03-36-27/job2_+experiment=fast,decoder=ctc_greedy,model=lstm_ctc,trainer.devices=1,user=single_user/checkpoints/epoch=110-step=26640.ckpt' as top 1
Epoch 111, global step 26880: 'val/CER' was not in top 1
Epoch 112, global step 27120: 'val/CER' was not in top 1
Epoch 113, global step 27360: 'val/CER' was not in top 1
Epoch 114, global step 27600: 'val/CER' was not in top 1
Epoch 115, global step 27840: 'val/CER' was not in top 1
Epoch 116, global step 28080: 'val/CER' was not in top 1
Epoch 117, global step 28320: 'val/CER' was not in top 1
Epoch 118, global step 28560: 'val/CER' was not in top 1
Epoch 119, global step 28800: 'val/CER' was not in top 1
Epoch 120, global step 29040: 'val/CER' was not in top 1
Epoch 121, global step 29280: 'val/CER' was not in top 1
Epoch 122, global step 29520: 'val/CER' reached 21.35578 (best 21.35578), saving model to '/mnt/c/Users/ahjc/documents/coding/ecec247/Final_project/ECE_C247A_Final_Project/logs/2026-03-08/03-36-27/job2_+experiment=fast,decoder=ctc_greedy,model=lstm_ctc,trainer.devices=1,user=single_user/checkpoints/epoch=122-step=29520.ckpt' as top 1
Epoch 123, global step 29760: 'val/CER' was not in top 1
Epoch 124, global step 30000: 'val/CER' was not in top 1
Epoch 125, global step 30240: 'val/CER' was not in top 1
Epoch 126, global step 30480: 'val/CER' was not in top 1
Epoch 127, global step 30720: 'val/CER' reached 21.15640 (best 21.15640), saving model to '/mnt/c/Users/ahjc/documents/coding/ecec247/Final_project/ECE_C247A_Final_Project/logs/2026-03-08/03-36-27/job2_+experiment=fast,decoder=ctc_greedy,model=lstm_ctc,trainer.devices=1,user=single_user/checkpoints/epoch=127-step=30720.ckpt' as top 1
Epoch 128, global step 30960: 'val/CER' was not in top 1
Epoch 129, global step 31200: 'val/CER' was not in top 1
Epoch 130, global step 31440: 'val/CER' was not in top 1
Epoch 131, global step 31680: 'val/CER' was not in top 1
Epoch 132, global step 31920: 'val/CER' was not in top 1
Epoch 133, global step 32160: 'val/CER' reached 20.93487 (best 20.93487), saving model to '/mnt/c/Users/ahjc/documents/coding/ecec247/Final_project/ECE_C247A_Final_Project/logs/2026-03-08/03-36-27/job2_+experiment=fast,decoder=ctc_greedy,model=lstm_ctc,trainer.devices=1,user=single_user/checkpoints/epoch=133-step=32160.ckpt' as top 1
Epoch 134, global step 32400: 'val/CER' was not in top 1
Epoch 135, global step 32640: 'val/CER' was not in top 1
Epoch 136, global step 32880: 'val/CER' reached 20.51396 (best 20.51396), saving model to '/mnt/c/Users/ahjc/documents/coding/ecec247/Final_project/ECE_C247A_Final_Project/logs/2026-03-08/03-36-27/job2_+experiment=fast,decoder=ctc_greedy,model=lstm_ctc,trainer.devices=1,user=single_user/checkpoints/epoch=136-step=32880.ckpt' as top 1
Epoch 137, global step 33120: 'val/CER' was not in top 1
Epoch 138, global step 33360: 'val/CER' was not in top 1
Epoch 139, global step 33600: 'val/CER' was not in top 1
Epoch 140, global step 33840: 'val/CER' was not in top 1
Epoch 141, global step 34080: 'val/CER' was not in top 1
Epoch 142, global step 34320: 'val/CER' was not in top 1
Epoch 143, global step 34560: 'val/CER' was not in top 1
Epoch 144, global step 34800: 'val/CER' reached 20.18166 (best 20.18166), saving model to '/mnt/c/Users/ahjc/documents/coding/ecec247/Final_project/ECE_C247A_Final_Project/logs/2026-03-08/03-36-27/job2_+experiment=fast,decoder=ctc_greedy,model=lstm_ctc,trainer.devices=1,user=single_user/checkpoints/epoch=144-step=34800.ckpt' as top 1
Epoch 145, global step 35040: 'val/CER' was not in top 1
Epoch 146, global step 35280: 'val/CER' was not in top 1
Epoch 147, global step 35520: 'val/CER' reached 20.11520 (best 20.11520), saving model to '/mnt/c/Users/ahjc/documents/coding/ecec247/Final_project/ECE_C247A_Final_Project/logs/2026-03-08/03-36-27/job2_+experiment=fast,decoder=ctc_greedy,model=lstm_ctc,trainer.devices=1,user=single_user/checkpoints/epoch=147-step=35520.ckpt' as top 1
Epoch 148, global step 35760: 'val/CER' was not in top 1
Epoch 149, global step 36000: 'val/CER' was not in top 1
Epoch 150, global step 36240: 'val/CER' was not in top 1
Epoch 151, global step 36480: 'val/CER' was not in top 1
Epoch 152, global step 36720: 'val/CER' was not in top 1
Epoch 153, global step 36960: 'val/CER' was not in top 1
Epoch 154, global step 37200: 'val/CER' was not in top 1
Epoch 155, global step 37440: 'val/CER' was not in top 1
Epoch 156, global step 37680: 'val/CER' was not in top 1
Epoch 157, global step 37920: 'val/CER' was not in top 1
Epoch 158, global step 38160: 'val/CER' was not in top 1
Epoch 159, global step 38400: 'val/CER' was not in top 1
Epoch 160, global step 38640: 'val/CER' was not in top 1
Epoch 161, global step 38880: 'val/CER' was not in top 1
Epoch 162, global step 39120: 'val/CER' was not in top 1
Epoch 163, global step 39360: 'val/CER' was not in top 1
Epoch 164, global step 39600: 'val/CER' was not in top 1
Epoch 165, global step 39840: 'val/CER' was not in top 1
Epoch 166, global step 40080: 'val/CER' was not in top 1
Epoch 167, global step 40320: 'val/CER' was not in top 1
Epoch 168, global step 40560: 'val/CER' was not in top 1
Epoch 169, global step 40800: 'val/CER' was not in top 1
Epoch 170, global step 41040: 'val/CER' was not in top 1
Epoch 171, global step 41280: 'val/CER' was not in top 1
Epoch 172, global step 41520: 'val/CER' was not in top 1
LOCAL_RANK: 0 - CUDA_VISIBLE_DEVICES: [0]
LOCAL_RANK: 0 - CUDA_VISIBLE_DEVICES: [0]
